fatal error: 21 is an invalid width for raidz3 and 60 disks (min: 9, max: 20)
