fatal error: 7 is an invalid width for raidz and 7 disks (min: 3, max: 6)
